<html>
<head>
<title>Information sur le Systeme </title>
</head>
<body>
<h1>information Kali linux </h1>

07/03/2025 10:36:52  +0000

<p>information sur le système
Linux GHOZE 6.12.13-amd64 #1 SMP PREEMPT_DYNAMIC Kali 6.12.13-1kali1 (2025-02-11) x86_64 GNU/Linux
               total       utilisé      libre     partagé tamp/cache   disponible
Mem:            7825        4785        1285        1679        3727        3040
Échange:        8069           0        8069 </p>
<p>information sur le disk
Sys. de fichiers Taille Utilisé Dispo Uti% Monté sur
udev               3,8G       0  3,8G   0% /dev
tmpfs              783M    1,6M  782M   1% /run
/dev/nvme0n1p2     460G     72G  365G  17% /
tmpfs              3,9G    4,0K  3,9G   1% /dev/shm
efivarfs           150K     85K   61K  59% /sys/firmware/efi/efivars
tmpfs              5,0M       0  5,0M   0% /run/lock
tmpfs              1,0M       0  1,0M   0% /run/credentials/systemd-journald.service
tmpfs              3,9G    472K  3,9G   1% /tmp
/dev/nvme0n1p1     975M    152K  974M   1% /boot/efi
tmpfs              1,0M       0  1,0M   0% /run/credentials/getty@tty1.service
tmpfs              783M    2,8M  780M   1% /run/user/1000</p>
<p>information sur le chemin
/home/g008/Moussouris-Ghozen</p>

</body>

</html>
